s__Dubosiella_newyorkensis
s__Lachnospiraceae_bacterium_A4
s__Asaccharobacter_celatus
s__Oscillibacter_sp_1_3
s__Bacteroides_thetaiotaomicron
s__Lachnospiraceae_bacterium_3_2
s__Firmicutes_bacterium_ASF500
s__Clostridium_sp_ASF502
s__Anaerotruncus_sp_G3_2012
